2026-05-22 20:01:42 [wasmsplit][ide][debug] UnityPluginVersion=1.3.5
2026-05-22 20:01:42 [wasmsplit][ide][debug] UnityPluginVersion=1.3.5
2026-05-22 20:01:42 [wasmsplit][ide][debug] UnityPluginVersion=1.3.5
2026-05-22 20:01:42 [wasmsplit][ide][debug] UnityPluginVersion=1.3.5
2026-05-22 20:01:42 [wasmsplit][ide][debug] UnityPluginVersion=1.3.5
2026-05-22 20:01:43 [wasmsplit][ide][debug] UnityPluginVersion=1.3.5
2026-05-22 20:01:43 [wasmsplit][ide][debug] UnityPluginVersion=1.3.5
2026-05-22 20:01:43 [wasmsplit][ide][debug] UnityPluginVersion=1.3.5
2026-05-22 20:01:44 [wasmsplit][ide][debug] UnityPluginVersion=1.3.5
2026-05-22 20:01:45 [wasmsplit][ide][debug] UnityPluginVersion=1.3.5
2026-05-22 20:01:45 [wasmsplit][ide][debug] UnityPluginVersion=1.3.5
2026-05-22 20:01:45 [wasmsplit][ide][debug] UnityPluginVersion=1.3.5
2026-05-22 20:01:45 [wasmsplit][ide][debug] UnityPluginVersion=1.3.5
2026-05-22 20:01:45 [wasmsplit][ide][debug] UnityPluginVersion=1.3.5
2026-05-22 20:02:52 [wasmsplit][ide][debug] UnityPluginVersion=1.3.5
2026-05-22 20:05:10 [wasmsplit][ide][debug] [api.checkappid]
2026-05-22 20:05:11 [wasmsplit][ide][debug] request url: /cgi-bin/gamewxagwasmsplitwap/checkappid; tmpcode=83MzB6htBWrwJSqHauYnlqQIRLqTdBUHQh6DYVHhHEE
2026-05-22 20:05:14 [wasmsplit][ide][debug] UnityPluginVersion=1.3.5
2026-05-22 20:05:14 [wasmsplit][ide][info] [game.json] useWasmBuffer=false
2026-05-22 20:05:14 [wasmsplit][ide][info] [game.json] apiVersion=false
2026-05-22 20:05:14 [wasmsplit][ide][info] --------base info--------
2026-05-22 20:05:14 [wasmsplit][ide][info] isES6:true
2026-05-22 20:05:14 [wasmsplit][ide][info] unityVersion:2022
2026-05-22 20:05:14 [wasmsplit][ide][info] isUnity2019:false
2026-05-22 20:05:14 [wasmsplit][ide][info] unityPlugin:1.3.5
2026-05-22 20:05:14 [wasmsplit][ide][info] customizedApiVersion:-1
2026-05-22 20:05:14 [wasmsplit][ide][info] codeMD5:c9eec2a6a1ecc36c
2026-05-22 20:05:14 [wasmsplit][ide][info] AppID:wx54bc480658407d70
2026-05-22 20:05:14 [wasmsplit][ide][info] --------base info--------
2026-05-22 20:05:14 [wasmsplit][ide][info] backup AppID:
2026-05-22 20:05:14 [wasmsplit][ide][debug] [api.getgamemetabypage] args={"per_page":10,"offset":"c9eec2a6a1ecc36c"}
2026-05-22 20:05:15 [wasmsplit][ide][debug] request url: /cgi-bin/gamewxagwasmsplitwap/getgamemetabypage; tmpcode=3WGHb9lHQt2GPxS76Cob7zTROfuPFxdI5c9ROESSaKI
2026-05-22 20:05:15 [wasmsplit][ide][info] 已禁用代码分包
